// Jest Snapshot v1, https://goo.gl/fbAQLP

exports[`Tests in <CounterApp/> should do match with the SnapShot 1`] = `
<div>
  <h1>
    CounterApp
  </h1>
  <h2>
     
    0
     
  </h2>
  <button>
     +1 
  </button>
  <button>
     -1 
  </button>
  <button>
     Reset 
  </button>
</div>
`;
