// Jest Snapshot v1, https://goo.gl/fbAQLP

exports[`Tests in <FirstApp/> Should do match with the snapshot 1`] = `
<div>
  <h1>
    Hola soy goku
  </h1>
  <h1>
     
    22 Alberto
     
  </h1>
  <p>
    This is a subtitle
  </p>
  <br />
  <p>
    This is a 
    Hola soy goku
     and this is a number 
    888
     passing by props
  </p>
  <p>
    This is a default propertie
  </p>
</div>
`;
